[laravel-admin.org/docs/en.html]
[backblue.gif]
[fade.gif]
[index.html]
[laravel-admin.org/css/google-fonts.css]
[laravel-admin.org/vendor/docs/plugins/fontawesome-free/css/all.min.css]
[laravel-admin.org/vendor/docs/plugins/overlayScrollbars/css/OverlayScrollbars.min.css]
[laravel-admin.org/vendor/docs/plugins/prism/prism.css]
[laravel-admin.org/vendor/docs/css/docs.css]
[laravel-admin.org/vendor/docs/css/adminlte.min.css]
[cdn.jsdelivr.net/npm/docsearch.js@2/dist/cdn/docsearch.min.css]
[laravel-admin.org/vendor/docs/plugins/jquery/jquery.min.js]
[laravel-admin.org/docs/zh/1.x/changelog.html]
[laravel-admin.org/docs/zh/1.html]
[laravel-admin.org/docs/en/README.html]
[laravel-admin.org/images/logo.png]
[laravel-admin.org/docs/en/installation.html]
[laravel-admin.org/docs/en/quick-start.html]
[laravel-admin.org/docs/en/configuration.html]
[laravel-admin.org/docs/en/updating.html]
[laravel-admin.org/docs/en/content-layout.html]
[laravel-admin.org/docs/en/model-grid.html]
[laravel-admin.org/docs/en/model-grid-column.html]
[laravel-admin.org/docs/en/model-grid-column-display.html]
[laravel-admin.org/docs/en/model-grid-filters.html]
[laravel-admin.org/docs/en/model-grid-column-filter.html]
[laravel-admin.org/docs/en/model-grid-inline-edit.html]
[laravel-admin.org/docs/en/model-grid-actions.html]
[laravel-admin.org/docs/en/model-grid-custom-actions.html]
[laravel-admin.org/docs/en/model-grid-export.html]
[laravel-admin.org/docs/en/model-grid-header-footer.html]
[laravel-admin.org/docs/en/model-grid-init.html]
[laravel-admin.org/docs/en/model-grid-total-row.html]
[laravel-admin.org/docs/en/model-grid-quick-search.html]
[laravel-admin.org/docs/en/model-grid-spec-selector.html]
[laravel-admin.org/docs/en/model-grid-quick-create.html]
[laravel-admin.org/docs/en/model-grid-custom-tools.html]
[laravel-admin.org/docs/en/model-grid-hotkeys.html]
[laravel-admin.org/docs/en/model-grid-soft-deletes.html]
[laravel-admin.org/docs/en/model-form.html]
[laravel-admin.org/docs/en/model-form-fields.html]
[laravel-admin.org/docs/en/model-form-upload.html]
[laravel-admin.org/docs/en/model-form-json-fields.html]
[laravel-admin.org/docs/en/model-form-relationships.html]
[laravel-admin.org/docs/en/model-form-linkage.html]
[laravel-admin.org/docs/en/model-form-field-management.html]
[laravel-admin.org/docs/en/model-form-validation.html]
[laravel-admin.org/docs/en/model-form-callback.html]
[laravel-admin.org/docs/en/model-form-init.html]
[laravel-admin.org/docs/en/model-form-layout.html]
[laravel-admin.org/docs/en/model-show.html]
[laravel-admin.org/docs/en/model-show-fields.html]
[laravel-admin.org/docs/en/model-show-relationship.html]
[laravel-admin.org/docs/en/model-show-extension.html]
[laravel-admin.org/docs/en/model-tree.html]
[laravel-admin.org/docs/en/data-form.html]
[laravel-admin.org/docs/en/extension-development.html]
[laravel-admin.org/docs/en/extension-helpers.html]
[laravel-admin.org/docs/en/extension-media-manager.html]
[laravel-admin.org/docs/en/extension-api-tester.html]
[laravel-admin.org/docs/en/extension-config.html]
[laravel-admin.org/docs/en/extension-scheduling.html]
[laravel-admin.org/docs/en/commands.html]
[laravel-admin.org/docs/en/content-message.html]
[laravel-admin.org/docs/en/widgets.html]
[laravel-admin.org/docs/en/frontend.html]
[laravel-admin.org/docs/en/permission.html]
[laravel-admin.org/docs/en/custom-authentication.html]
[laravel-admin.org/docs/en/custom-navbar.html]
[laravel-admin.org/docs/en/custom-chart.html]
[laravel-admin.org/docs/en/changelog]
[cdn.carbonads.com/carbonafe5.js]
[scrutinizer-ci.com/g/z-song/laravel-admin/badges/quality-score7fb3.svg]
[cloud.githubusercontent.com/assets/1479100/19625297/3b3deb64-9947-11e6-807c-cffa999004be.jpg]
[www.google-analytics.com/analytics.js]
[cdn.jsdelivr.net/npm/docsearch.js@2/dist/cdn/docsearch.min.js]
[laravel-admin.org/vendor/docs/plugins/bootstrap/js/bootstrap.bundle.min.js]
[laravel-admin.org/vendor/docs/plugins/overlayScrollbars/js/jquery.overlayScrollbars.min.js]
[laravel-admin.org/vendor/docs/js/adminlte.min.js]
[laravel-admin.org/vendor/docs/plugins/jquery-pjax/jquery.pjax.js]
[laravel-admin.org/vendor/docs/plugins/prism/prism.js]
[laravel-admin.org/vendor/docs/js/docsd708.js]
[laravel-admin.org/docs/en.html]
[laravel-admin.org/css/google-fonts.css]
[laravel-admin.org/vendor/docs/plugins/fontawesome-free/css/all.min.css]
[laravel-admin.org/vendor/docs/plugins/overlayScrollbars/css/OverlayScrollbars.min.css]
[laravel-admin.org/vendor/docs/plugins/prism/prism.css]
[laravel-admin.org/vendor/docs/css/adminlte.min.css]
[laravel-admin.org/vendor/docs/css/docs.css]
[cdn.jsdelivr.net/npm/docsearch.js@2/dist/cdn/docsearch.min.css]
[laravel-admin.org/docs/zh/2.html]
[laravel-admin.org/docs/zh/1.x/README.html]
[laravel-admin.org/docs/zh/1.x/installation.html]
[laravel-admin.org/docs/zh/1.x/quick-start.html]
[laravel-admin.org/docs/zh/1.x/configuration.html]
[laravel-admin.org/docs/zh/1.x/upgrading.html]
[laravel-admin.org/docs/zh/1.x/content-layout.html]
[laravel-admin.org/docs/zh/1.x/questions.html]
[laravel-admin.org/docs/zh/1.x/model-grid.html]
[laravel-admin.org/docs/zh/1.x/model-grid-column.html]
[laravel-admin.org/docs/zh/1.x/model-grid-column-display.html]
[laravel-admin.org/docs/zh/1.x/model-grid-filters.html]
[laravel-admin.org/docs/zh/1.x/model-grid-column-filter.html]
[laravel-admin.org/docs/zh/1.x/model-grid-inline-edit.html]
[laravel-admin.org/docs/zh/1.x/model-grid-actions.html]
[laravel-admin.org/docs/zh/1.x/model-grid-custom-actions.html]
[laravel-admin.org/docs/zh/1.x/model-grid-export.html]
[laravel-admin.org/docs/zh/1.x/model-grid-header-footer.html]
[laravel-admin.org/docs/zh/1.x/model-grid-init.html]
[laravel-admin.org/docs/zh/1.x/model-grid-total-row.html]
[laravel-admin.org/docs/zh/1.x/model-grid-quick-search.html]
[laravel-admin.org/docs/zh/1.x/model-grid-spec-selector.html]
[laravel-admin.org/docs/zh/1.x/model-grid-quick-create.html]
[laravel-admin.org/docs/zh/1.x/model-grid-custom-tools.html]
[laravel-admin.org/docs/zh/1.x/model-grid-data.html]
[laravel-admin.org/docs/zh/1.x/model-grid-hotkeys.html]
[laravel-admin.org/docs/zh/1.x/model-grid-soft-deletes.html]
[laravel-admin.org/docs/zh/1.x/model-form.html]
[laravel-admin.org/docs/zh/1.x/model-form-fields.html]
[laravel-admin.org/docs/zh/1.x/model-form-upload.html]
[laravel-admin.org/docs/zh/1.x/model-form-json-fields.html]
[laravel-admin.org/docs/zh/1.x/model-form-relationships.html]
[laravel-admin.org/docs/zh/1.x/model-form-linkage.html]
[laravel-admin.org/docs/zh/1.x/model-form-field-management.html]
[laravel-admin.org/docs/zh/1.x/model-form-validation.html]
[laravel-admin.org/docs/zh/1.x/model-form-callback.html]
[laravel-admin.org/docs/zh/1.x/model-form-init.html]
[laravel-admin.org/docs/zh/1.x/model-form-layout.html]
[laravel-admin.org/docs/zh/1.x/model-show.html]
[laravel-admin.org/docs/zh/1.x/model-show-fields.html]
[laravel-admin.org/docs/zh/1.x/model-show-relationship.html]
[laravel-admin.org/docs/zh/1.x/model-show-extension.html]
[laravel-admin.org/docs/zh/1.x/model-tree.html]
[laravel-admin.org/docs/zh/1.x/data-form.html]
[laravel-admin.org/docs/zh/1.x/localization.html]
[laravel-admin.org/docs/zh/1.x/frontend.html]
[laravel-admin.org/docs/zh/1.x/extension-development.html]
[laravel-admin.org/docs/zh/1.x/commands.html]
[laravel-admin.org/docs/zh/1.x/content-message.html]
[laravel-admin.org/docs/zh/1.x/widgets.html]
[laravel-admin.org/docs/zh/1.x/permission.html]
[laravel-admin.org/docs/zh/1.x/custom-authentication.html]
[laravel-admin.org/docs/zh/1.x/custom-navbar.html]
[laravel-admin.org/docs/zh/1.x/qa.html]
[laravel-admin.org/docs/zh/1.x/changelog-v1.8.0.html]
[laravel-admin.org/docs/zh/1.x/changelog-v1.7.6.html]
[laravel-admin.org/docs/zh/1.x/changelog-v1.7.3.html]
[laravel-admin.org/docs/zh/1.x/changelog-v1.7.2.html]
[laravel-admin.org/docs/zh/1.x/changelog-v1.7.0.html]
[laravel-admin.org/docs/zh/1.x/changelog-v1.6.13.html]
[laravel-admin.org/docs/zh/1.x/changelog-v1.6.12.html]
[laravel-admin.org/docs/zh/1.x/changelog-v1.6.10.html]
[laravel-admin.org/docs/zh/1.x/changelog-v1.6.0.html]
[laravel-admin.org/docs/zh/1.x/commands-2.html]
[laravel-admin.org/docs/zh/1.x/model-forma3a0.html]
[laravel-admin.org/docs/zh/1.x/model-form-fields594f.html]
[laravel-admin.org/docs/zh/1.x/helpers.md]
[laravel-admin.org/docs/zh/1.x/qa9367.html]
[laravel-admin.org/docs/zh/1.x/changelog.html]
[laravel-admin.org/docs/zh/1.x/model-form918e.html]
[cloud.githubusercontent.com/assets/1479100/23287423/45c68202-fa78-11e6-8125-3e365101a313.jpg]
[laravel-admin.org/docs/zh/LICENSE]
[laravel-admin.org/docs/zh/1.html]
[laravel-admin.org/docs/en/README.html]
[laravel-admin.org/docs/en/installation.html]
[laravel-admin.org/docs/en/quick-start.html]
[laravel-admin.org/docs/en/configuration.html]
[laravel-admin.org/docs/en/updating.html]
[laravel-admin.org/docs/en/content-layout.html]
[laravel-admin.org/docs/en/model-grid.html]
[laravel-admin.org/docs/en/model-grid-column.html]
[user-images.githubusercontent.com/1479100/54087610-7abb7280-438f-11e9-842a-012ac2063a7a.gif]
[user-images.githubusercontent.com/1479100/54087609-7abb7280-438f-11e9-8a44-7e68bb126cd1.gif]
[user-images.githubusercontent.com/1479100/63958209-82491200-cabc-11e9-9144-760e69779608.png]
[user-images.githubusercontent.com/1479100/63958092-401fd080-cabc-11e9-9d51-f879e7708bcb.png]
[user-images.githubusercontent.com/1479100/63958756-5d08d380-cabd-11e9-9a00-1ad20173c28a.png]
[user-images.githubusercontent.com/1479100/63958090-3f873a00-cabc-11e9-9c9d-06de5e37ae54.png]
[user-images.githubusercontent.com/1479100/63958089-3eeea380-cabc-11e9-9a3e-0f3a22ae9756.png]
[laravel-admin.org/docs/en/model-grid-column-display.html]
[user-images.githubusercontent.com/1479100/45264860-c9865f00-b475-11e8-8418-a3bdb2a834ab.png]
[user-images.githubusercontent.com/1479100/45264980-77463d80-b477-11e8-917b-3495a32f018e.png]
[laravel-admin.org/docs/en/model-grid-filters.html]
[user-images.githubusercontent.com/1479100/59975300-843cb380-95e9-11e9-9479-bf3f7329cffb.png]
[user-images.githubusercontent.com/1479100/59975592-3ecdb580-95ec-11e9-94f5-a6d5a33fb889.png]
[user-images.githubusercontent.com/1479100/59975605-79cfe900-95ec-11e9-8d29-c4d169d9dcff.png]
[user-images.githubusercontent.com/1479100/59975636-de8b4380-95ec-11e9-82f9-ddd45d05152f.png]
[user-images.githubusercontent.com/1479100/59975593-3ecdb580-95ec-11e9-9cfc-32dbe27a175a.png]
[laravel-admin.org/docs/en/model-grid-column-filter.html]
[laravel-admin.org/docs/en/model-grid-inline-edit.html]
[laravel-admin.org/docs/model-grid-custom-actions.a5.delayed]
[laravel-admin.org/docs/en/model-grid-actions.html]
[user-images.githubusercontent.com/1479100/61602515-8176c200-ac6c-11e9-8ecb-dffb5768ab4f.png]
[user-images.githubusercontent.com/1479100/61605715-5cd51700-ac79-11e9-9625-aa1f0fcfe4e2.png]
[user-images.githubusercontent.com/1479100/61605975-9a866f80-ac7a-11e9-867b-bde14aa7910d.jpg]
[user-images.githubusercontent.com/1479100/61606520-4f219080-ac7d-11e9-8a3a-24f7c629f340.png]
[user-images.githubusercontent.com/1479100/61606916-1be00100-ac7f-11e9-8e71-fae60b26277d.png]
[user-images.githubusercontent.com/1479100/61609162-c9571280-ac87-11e9-8f93-869a188c5553.png]
[user-images.githubusercontent.com/1479100/61609900-176d1580-ac8a-11e9-8201-78a092e5bd58.png]
[user-images.githubusercontent.com/1479100/61609908-1a680600-ac8a-11e9-828f-9a9acb0777b0.png]
[user-images.githubusercontent.com/1479100/63960336-d8b84f80-cac0-11e9-8fa8-43235933303e.png]
[laravel-admin.org/docs/en/model-grid-custom-actions.html]
[laravel-admin.org/docs/en/model-grid-export.html]
[user-images.githubusercontent.com/1479100/54084635-1b993600-436e-11e9-97ab-4cb5fa5cff87.png]
[laravel-admin.org/docs/en/model-grid-header-footer.html]
[laravel-admin.org/docs/en/model-grid-init.html]
[laravel-admin.org/docs/en/model-grid-total-row.html]
[user-images.githubusercontent.com/1479100/59140479-8e976480-89d0-11e9-8496-db958c012128.png]
[laravel-admin.org/docs/en/model-grid-quick-search.html]
[user-images.githubusercontent.com/1479100/63954478-be2ca900-cab5-11e9-8ea2-e5ee9b8726ae.png]
[laravel-admin.org/docs/en/model-grid-spec-selector.html]
[user-images.githubusercontent.com/1479100/61594099-4b105700-ac1a-11e9-864a-6c5ee2312b78.png]
[laravel-admin.org/docs/en/model-grid-quick-create.html]
[laravel-admin.org/docs/en/model-grid-custom-tools.html]
[laravel-admin.org/docs/en/model-grid-hotkeys.html]
[user-images.githubusercontent.com/1479100/71235280-add75d00-2336-11ea-97f4-bb8d3f65b20c.png]
[laravel-admin.org/docs/en/model-grid-soft-deletes.html]
[laravel-admin.org/docs/en/model-form.html]
[user-images.githubusercontent.com/1479100/82288328-d3938b80-99d4-11ea-91ec-4915d48d6057.png]
[user-images.githubusercontent.com/1479100/82288329-d3938b80-99d4-11ea-9066-41e163824995.png]
[user-images.githubusercontent.com/1479100/82288325-d1c9c800-99d4-11ea-8403-90b0b73526bf.png]
[user-images.githubusercontent.com/1479100/82288312-cd051400-99d4-11ea-86cb-dc1f36c1f1a5.png]
[user-images.githubusercontent.com/1479100/82288327-d2faf500-99d4-11ea-9b34-68386b1ebaf6.png]
[user-images.githubusercontent.com/1479100/82288323-d1313180-99d4-11ea-83f3-16c192e30ec2.png]
[user-images.githubusercontent.com/1479100/82287107-f8d2ca80-99d1-11ea-90a2-8efa9c5ff224.png]
[user-images.githubusercontent.com/1479100/82288324-d1c9c800-99d4-11ea-9085-c510ab007a20.png]
[user-images.githubusercontent.com/1479100/82288331-d42c2200-99d4-11ea-9e68-39eb6341afdc.png]
[user-images.githubusercontent.com/1479100/82288319-d0000480-99d4-11ea-96d8-92d8c7e7f1fe.png]
[user-images.githubusercontent.com/1479100/82288321-d0989b00-99d4-11ea-847a-818ce7d419db.png]
[user-images.githubusercontent.com/1479100/82288314-ce364100-99d4-11ea-9fd6-f31991f013ad.png]
[user-images.githubusercontent.com/1479100/82288315-ceced780-99d4-11ea-98cc-cb332016137d.png]
[user-images.githubusercontent.com/1479100/82288317-cf676e00-99d4-11ea-92c5-a393bd4dfb64.png]
[laravel-admin.org/docs/en/model-form-fields.html]
[laravel-admin.org/docs/en/model-form-upload.html]
[user-images.githubusercontent.com/1479100/82286657-c70d3400-99d0-11ea-9ff0-c29ba06bcded.png]
[user-images.githubusercontent.com/1479100/82286671-cf656f00-99d0-11ea-8b48-6c49fe74731e.png]
[user-images.githubusercontent.com/1479100/82286670-ce344200-99d0-11ea-8003-6481fa92410e.png]
[user-images.githubusercontent.com/1479100/57188574-8a8ca880-6f33-11e9-8e64-6dc44976cf68.png]
[laravel-admin.org/docs/en/model-form-json-fields.html]
[user-images.githubusercontent.com/1479100/82548684-43994180-9b8e-11ea-949e-23ff0323347c.gif]
[user-images.githubusercontent.com/1479100/82548917-b3a7c780-9b8e-11ea-8025-4cbfde209dd8.gif]
[user-images.githubusercontent.com/1479100/82550220-c28f7980-9b90-11ea-88b3-f64108956c1e.gif]
[laravel-admin.org/docs/en/model-form-relationships.html]
[user-images.githubusercontent.com/1479100/82905667-ba6f7980-9f96-11ea-97f1-8f5d565b830c.gif]
[laravel-admin.org/docs/en/model-form-linkage.html]
[laravel-admin.org/docs/en/model-form-field-management.html]
[laravel-admin.org/docs/en/model-form-validation.html]
[laravel-admin.org/docs/en/model-form-callback.html]
[laravel-admin.org/docs/en/model-form-init.html]
[user-images.githubusercontent.com/9959927/62914561-5a229900-bdc3-11e9-8404-a595c7f589aa.png]
[laravel-admin.org/docs/en/model-form-layout.html]
[laravel-admin.org/docs/en/model-show.html]
[laravel-admin.org/docs/en/model-show-fields.html]
[laravel-admin.org/docs/en/model-show-relationship.html]
[laravel-admin.org/docs/en/model-show-extension.html]
[laravel-admin.org/docs/en/model-tree.html]
[user-images.githubusercontent.com/1479100/59143217-23af5300-89fb-11e9-85d3-88e3451474d5.png]
[laravel-admin.org/docs/en/data-form.html]
[laravel-admin.org/docs/en/extension-development.html]
[cloud.githubusercontent.com/assets/1479100/23147949/cbf03e84-f81d-11e6-82b7-d7929c3033a0.png]
[cloud.githubusercontent.com/assets/1479100/23147951/ce08e5d6-f81d-11e6-8b20-605e8cd06167.png]
[cloud.githubusercontent.com/assets/1479100/23147963/da8a5d30-f81d-11e6-97b9-239eea900ad3.png]
[user-images.githubusercontent.com/1479100/30899066-e8bdd5ca-a390-11e7-809d-4ceccd0da27f.png]
[laravel-admin.org/docs/en/extension-helpers.html]
[user-images.githubusercontent.com/1479100/29113762-99886c32-7d24-11e7-922d-5981a5849c7a.png]
[laravel-admin.org/docs/en/extension-media-manager.html]
[user-images.githubusercontent.com/1479100/29112946-1e32971c-7d22-11e7-8cc0-5b7ad25d084e.png]
[laravel-admin.org/docs/en/extension-api-tester.html]
[user-images.githubusercontent.com/1479100/29151322-0879681a-7db3-11e7-8005-03310686c884.png]
[laravel-admin.org/docs/en/extension-config.html]
[user-images.githubusercontent.com/1479100/29151552-8affc0b2-7db4-11e7-932a-a10d8a42ec50.png]
[laravel-admin.org/docs/en/extension-scheduling.html]
[laravel-admin.org/docs/en/commands.html]
[user-images.githubusercontent.com/1479100/44462262-a9b60500-a646-11e8-84d1-ee22b35106bd.png]
[laravel-admin.org/docs/en/content-message.html]
[laravel-admin.org/docs/en/widgets.html]
[laravel-admin.org/docs/en/frontend.html]
[laravel-admin.org/docs/en/permission.html]
[laravel-admin.org/docs/en/custom-authentication.html]
[laravel-admin.org/docs/en/custom-navbar.html]
[laravel-admin.org/docs/en/layout.d5.delayed]
[laravel-admin.org/docs/en/custom-chart.html]
[laravel-admin.org/docs/en/changelog.html]
[scrutinizer-ci.com/g/z-song/laravel-admin/badges/quality-score7fb3.svg]
[laravel-admin.org/docs/zh/2.x/README.html]
[laravel-admin.org/docs/zh/2.x/installation.html]
[laravel-admin.org/docs/zh/2.x/quick-start.html]
[laravel-admin.org/docs/zh/2.x/configuration.html]
[laravel-admin.org/docs/zh/2.x/upgrading.html]
[laravel-admin.org/docs/zh/2.x/content-layout.html]
[laravel-admin.org/docs/zh/2.x/model-table.html]
[laravel-admin.org/docs/zh/2.x/model-table-column.html]
[laravel-admin.org/docs/zh/2.x/model-table-column-display.html]
[laravel-admin.org/docs/zh/2.x/model-table-filters.html]
[laravel-admin.org/docs/zh/2.x/model-table-column-filter.html]
[laravel-admin.org/docs/zh/2.x/model-table-inline-edit.html]
[laravel-admin.org/docs/zh/2.x/model-table-actions.html]
[laravel-admin.org/docs/zh/2.x/model-table-custom-actions.html]
[laravel-admin.org/docs/zh/2.x/model-table-export.html]
[laravel-admin.org/docs/zh/2.x/model-table-header-footer.html]
[laravel-admin.org/docs/zh/2.x/model-table-init.html]
[laravel-admin.org/docs/zh/2.x/model-table-total-row.html]
[laravel-admin.org/docs/zh/2.x/model-table-quick-search.html]
[laravel-admin.org/docs/zh/2.x/model-table-spec-selector.html]
[laravel-admin.org/docs/zh/2.x/model-table-quick-create.html]
[laravel-admin.org/docs/zh/2.x/model-table-data.html]
[laravel-admin.org/docs/zh/2.x/model-table-hotkeys.html]
[laravel-admin.org/docs/zh/2.x/model-table-soft-deletes.html]
[laravel-admin.org/docs/zh/2.x/model-form.html]
[laravel-admin.org/docs/zh/2.x/model-form-fields.html]
[laravel-admin.org/docs/zh/2.x/model-form-upload.html]
[laravel-admin.org/docs/zh/2.x/model-form-json-fields.html]
[laravel-admin.org/docs/zh/2.x/model-form-relationships.html]
[laravel-admin.org/docs/zh/2.x/model-form-linkage.html]
[laravel-admin.org/docs/zh/2.x/model-form-field-management.html]
[laravel-admin.org/docs/zh/2.x/model-form-validation.html]
[laravel-admin.org/docs/zh/2.x/model-form-callback.html]
[laravel-admin.org/docs/zh/2.x/model-form-init.html]
[laravel-admin.org/docs/zh/2.x/model-form-layout.html]
[laravel-admin.org/docs/zh/2.x/model-show.html]
[laravel-admin.org/docs/zh/2.x/model-show-fields.html]
[laravel-admin.org/docs/zh/2.x/model-show-relationship.html]
[laravel-admin.org/docs/zh/2.x/model-show-extension.html]
[laravel-admin.org/docs/zh/2.x/model-tree.html]
[laravel-admin.org/docs/zh/2.x/data-form.html]
[laravel-admin.org/docs/zh/2.x/frontend-assets.html]
[laravel-admin.org/docs/zh/2.x/view-rendering.html]
[laravel-admin.org/docs/zh/2.x/vuejs-usage.html]
[laravel-admin.org/docs/zh/2.x/localization.html]
[laravel-admin.org/docs/zh/2.x/extension-development.html]
[laravel-admin.org/docs/zh/2.x/commands.html]
[laravel-admin.org/docs/zh/2.x/content-message.html]
[laravel-admin.org/docs/zh/2.x/widgets.html]
[laravel-admin.org/docs/zh/2.x/custom-navbar.html]
[laravel-admin.org/docs/zh/2.html]
[laravel-admin.org/docs/zh/2.x/qa.html]
[laravel-admin.org/docs/zh/1.x/README.html]
[laravel-admin.org/docs/zh/1.x/installation.html]
[laravel-admin.org/docs/zh/1.x/LICENSE.html]
[laravel-admin.org/docs/zh/1.x/model-grid-2.html]
[laravel-admin.org/docs/zh/1.x/model-show-2.html]
[laravel-admin.org/docs/zh/1.x/quick-start.html]
[laravel-admin.org/docs/zh/1.x/configuration.html]
[laravel-admin.org/docs/zh/1.x/upgrading.html]
[laravel-admin.org/docs/zh/1.x/content-layout.html]
[laravel-admin.org/docs/zh/1.x/questions.html]
[laravel-admin.org/docs/zh/1.x/model-grid.html]
[laravel-admin.org/docs/zh/1.x/model-grid-column.html]
[laravel-admin.org/docs/zh/1.x/model-form-2.html]
[user-images.githubusercontent.com/1479100/63958324-b6243780-cabc-11e9-9572-827d04d6bd81.png]
[laravel-admin.org/docs/zh/1.x/model-grid-column-display.html]
[laravel-admin.org/docs/zh/1.x/model-grid-filters.html]
[laravel-admin.org/docs/zh/1.x/model-grid-column-filter.html]
[laravel-admin.org/docs/zh/1.x/model-grid-inline-edit.html]
[laravel-admin.org/docs/zh/1.x/model-grid-actions.html]
[laravel-admin.org/docs/zh/1.x/model-grid-custom-actions.html]
[laravel-admin.org/docs/zh/1.x/model-grid-export.html]
[laravel-admin.org/docs/zh/1.x/model-grid-header-footer.html]
[laravel-admin.org/docs/zh/1.x/model-grid-init.html]
[laravel-admin.org/docs/zh/1.x/model-grid-total-row.html]
[laravel-admin.org/docs/zh/1.x/model-grid-quick-search.html]
[laravel-admin.org/docs/zh/1.x/model-grid-spec-selector.html]
[laravel-admin.org/docs/zh/1.x/model-grid-quick-create.html]
[laravel-admin.org/docs/zh/1.x/model-grid-custom-tools.html]
[laravel-admin.org/docs/zh/1.x/model-grid-data.html]
[laravel-admin.org/docs/zh/1.x/model-grid-hotkeys.html]
[laravel-admin.org/docs/zh/1.x/model-grid-soft-deletes.html]
[laravel-admin.org/docs/zh/1.x/model-form.html]
[laravel-admin.org/docs/zh/1.x/model-form-fields.html]
[laravel-admin.org/docs/zh/1.x/model-form-upload.html]
[laravel-admin.org/docs/zh/1.x/model-form-json-fields.html]
[laravel-admin.org/docs/zh/1.x/model-form-relationships.html]
[laravel-admin.org/docs/zh/1.x/model-form-linkage.html]
[laravel-admin.org/docs/zh/1.x/model-form-field-management.html]
[laravel-admin.org/docs/zh/1.x/model-form-validation.html]
[laravel-admin.org/docs/zh/1.x/model-form-callback.html]
[laravel-admin.org/docs/zh/1.x/model-form-init.html]
[laravel-admin.org/docs/zh/1.x/model-form-layout.html]
[laravel-admin.org/docs/zh/1.x/model-show.html]
[laravel-admin.org/docs/zh/1.x/model-show-fields.html]
[laravel-admin.org/docs/zh/1.x/model-show-relationship.html]
[laravel-admin.org/docs/zh/1.x/model-show-extension.html]
[laravel-admin.org/docs/zh/1.x/model-tree.html]
[laravel-admin.org/docs/zh/1.x/data-form.html]
[laravel-admin.org/docs/zh/1.x/localization.html]
[laravel-admin.org/docs/zh/1.x/frontend.html]
[laravel-admin.org/docs/zh/1.x/extension-development.html]
[laravel-admin.org/docs/zh/1.x/commands.html]
[laravel-admin.org/docs/zh/1.x/content-message.html]
[laravel-admin.org/docs/zh/1.x/widgets.html]
[laravel-admin.org/docs/zh/1.x/permission.html]
[laravel-admin.org/docs/zh/1.x/custom-authentication.html]
[laravel-admin.org/docs/zh/1.x/custom-navbar.html]
[laravel-admin.org/docs/zh/1.x/upgrading-2.html]
[laravel-admin.org/docs/zh/1.x/qa.html]
[laravel-admin.org/docs/zh/1.x/changelog-v1.8.0.html]
[laravel-admin.org/docs/zh/1.x/changelog-v1.7.6.html]
[laravel-admin.org/docs/zh/1.x/changelog-v1.7.3.html]
[laravel-admin.org/docs/zh/1.x/changelog-v1.7.2.html]
[laravel-admin.org/docs/zh/1.x/changelog-v1.7.0.html]
[laravel-admin.org/docs/zh/1.x/model-form-field-management-2.html]
[laravel-admin.org/docs/zh/1.x/changelog-v1.6.13.html]
[laravel-admin.org/docs/zh/1.x/changelog-v1.6.12.html]
[laravel-admin.org/docs/zh/1.x/minify-css-js.html]
[user-images.githubusercontent.com/1479100/54088116-42b72e00-4395-11e9-9f09-f6143703fed0.png]
[user-images.githubusercontent.com/1479100/54087608-7a22dc00-438f-11e9-8169-51672b250d40.gif]
[laravel-admin.org/docs/zh/1.x/changelog-v1.6.10.html]
[laravel-admin.org/docs/zh/1.x/changelog-v1.6.0.html]
[laravel-admin.org/docs/zh/1.x/commands-2.html]
[laravel-admin.org/docs/zh/1.x/model-forma3a0.html]
[laravel-admin.org/docs/zh/1.x/model-form-fields594f.html]
[laravel-admin.org/docs/zh/1.x/helpers.html]
[laravel-admin.org/docs/zh/1.x/qa9367.html]
[laravel-admin.org/docs/zh/1.x/model-form918e.html]
[laravel-admin.org/docs/zh/LICENSE.html]
[laravel-admin.org/docs/model-grid-custom-actions.html]
[laravel-admin.org/docs/en/layout.html]
[laravel-admin.org/docs/zh/2.x/README.html]
[laravel-admin.org/docs/zh/2.x/installation.html]
[laravel-admin.org/docs/zh/2.x/LICENSE.html]
[laravel-admin.org/docs/zh/1.x/model-table.md]
[laravel-admin.org/docs/zh/2.x/quick-start.html]
[laravel-admin.org/docs/zh/2.x/configuration.html]
[laravel-admin.org/docs/zh/2.x/upgrading.html]
[laravel-admin.org/docs/zh/2.x/content-layout.html]
[laravel-admin.org/docs/zh/2.x/model-table.html]
[laravel-admin.org/docs/zh/2.x/model-table-column.html]
[laravel-admin.org/docs/zh/2.x/model-table-column-display.html]
[laravel-admin.org/docs/zh/2.x/model-table-filters.html]
[laravel-admin.org/docs/zh/2.x/model-table-column-filter.html]
[laravel-admin.org/docs/zh/2.x/model-table-inline-edit.html]
[laravel-admin.org/docs/zh/2.x/model-table-actions.html]
[laravel-admin.org/docs/zh/2.x/model-table-custom-actions.html]
[laravel-admin.org/docs/zh/2.x/model-table-export.html]
[laravel-admin.org/docs/zh/2.x/model-table-header-footer.html]
[laravel-admin.org/docs/zh/2.x/model-table-init.html]
[laravel-admin.org/docs/zh/2.x/model-table-total-row.html]
[laravel-admin.org/docs/zh/2.x/model-table-quick-search.html]
[laravel-admin.org/docs/zh/2.x/model-table-spec-selector.html]
[laravel-admin.org/docs/zh/2.x/model-table-quick-create.html]
[laravel-admin.org/docs/zh/2.x/model-table-data.html]
[laravel-admin.org/docs/zh/2.x/model-table-hotkeys.html]
[laravel-admin.org/docs/zh/2.x/model-table-soft-deletes.html]
[laravel-admin.org/docs/zh/2.x/model-form.html]
[laravel-admin.org/docs/zh/2.x/model-form-fields.html]
[laravel-admin.org/docs/zh/2.x/model-form-upload.html]
[laravel-admin.org/docs/zh/2.x/model-form-json-fields.html]
[laravel-admin.org/docs/zh/2.x/model-form-relationships.html]
[laravel-admin.org/docs/zh/2.x/model-form-linkage.html]
[laravel-admin.org/docs/zh/2.x/model-form-field-management.html]
[laravel-admin.org/docs/zh/2.x/model-form-validation.html]
[laravel-admin.org/docs/zh/2.x/model-form-callback.html]
[laravel-admin.org/docs/zh/2.x/model-form-init.html]
[laravel-admin.org/docs/zh/2.x/model-form-layout.html]
[laravel-admin.org/docs/zh/2.x/model-show.html]
[laravel-admin.org/docs/zh/2.x/model-show-fields.html]
[laravel-admin.org/docs/zh/2.x/model-show-relationship.html]
[laravel-admin.org/docs/zh/2.x/model-show-extension.html]
[laravel-admin.org/docs/zh/2.x/model-tree.html]
[laravel-admin.org/docs/zh/2.x/data-form.html]
[laravel-admin.org/docs/zh/2.x/frontend-assets.html]
[laravel-admin.org/docs/zh/2.x/model-table-2.html]
[laravel-admin.org/docs/zh/2.x/view-rendering.html]
[laravel-admin.org/docs/zh/2.x/vuejs-usage.html]
[laravel-admin.org/docs/zh/2.x/localization.html]
[laravel-admin.org/docs/zh/2.x/extension-development.html]
[laravel-admin.org/docs/zh/2.x/commands.html]
[laravel-admin.org/docs/zh/2.x/content-message.html]
[laravel-admin.org/docs/zh/2.x/widgets.html]
[laravel-admin.org/docs/zh/2.x/custom-navbar.html]
[laravel-admin.org/images/docs/vue-number-input.png]
[laravel-admin.org/images/docs/chart001.png]
[laravel-admin.org/docs/zh/2.x/upgrading-2.html]
[laravel-admin.org/docs/zh/2.x/qa.html]
[laravel-admin.org/docs/zh/1.x/LICENSE.html]
[laravel-admin.org/docs/zh/1.x/model-grid-2.html]
[laravel-admin.org/docs/zh/1.x/model-show-2.html]
[laravel-admin.org/docs/zh/1.x/model-form-2.html]
[laravel-admin.org/docs/zh/1.x/upgrading-2.html]
[laravel-admin.org/docs/zh/1.x/model-form-field-management-2.html]
[laravel-admin.org/docs/zh/1.x/minify-css-js.html]
[laravel-admin.org/docs/zh/2.x/LICENSE.html]
[laravel-admin.org/docs/zh/1.x/model-table.html]
[laravel-admin.org/docs/zh/2.x/model-table-2.html]
[laravel-admin.org/docs/zh/2.x/upgrading-2.html]
[laravel-admin.org/docs/zh/2.x/model-form-field-management-2.html]
[laravel-admin.org/docs/zh/2.x/model-form-field-management-2.html]
